============================= test session starts =============================
platform win32 -- Python 3.10.6, pytest-9.0.2, pluggy-1.6.0
rootdir: C:\Users\SHEILA\source\repos\stock_skills
collected 25 items

tests\test_dashboard_data_loader.py .........................            [100%]

============================= 25 passed in 0.25s ==============================
